rebo    sudo reboot

We trust you have received the usual lecture from the local System
Administrator. It usually boils down to these three things:

    #1) Respect the privacy of others.
    #2) Think before you type.
    #3) With great power comes great responsibility.

Password: 

Broadcast message from root@LinuxBoot (tty°$Öë—’ÖK’®–¬ë‹’êêUR¨H¨(Ê*Š•šu¥Ñ¡¥¹¢½’Õ¹±•Ù•±é²jÔ¤¨(Ê*Š•šU¹‘¥¹‚É½•ÍÍ•Í½¹™¥ÕÉ•‘²¥…z*Ñ½J¹¥ÑÑ…‰¢¡•¢I5š¥¹…±5jRüLinuxBoot:~$ Stopping haveged: [1;34m[[1;32m  OK  [1;34m][0;39m
Stopping Dropbear SSH server: stopped /usr/sbin/dropbear (pid 476)
dropbear.
hwclock: can't open '/dev/misc/rtc': No such file or directory
Stopping internet superserver: inetd.
stopping mountd: done
stopping nfsd: done
Stopping syslogd/klogd: stopped syslogd (pid 498)
stopped klogd (pid 501)
done
Stopping tcf-agent: OK
stopping statd: done
Stopping rpcbind daemon...
done.
Deconfiguring network interfaces... macb e000b000.ethernet eth0: PHY [e000b000.ethernet-ffffffff:00] driver [RTL8211E Gigabit Ethernet] (irq=POLL)
macb e000b000.ethernet eth0: configuring for phy/rgmii-id link mode
done.
Sending all processes the TERM signal...
Sending all processes the KILL signal...
Unmounting remote filesystems...
Deactivating swap...
Unmounting local filesystems...
Rebooting... reboot: Restarting system


U-Boot 2022.01 (Sep 20 2022 - 06:35:33 +0000)

CPU:   Zynq 7z020
Silicon: v3.1
DRAM:  ECC disabled 1 GiB
Flash: 0 Bytes
NAND:  0 MiB
MMC:   mmc@e0100000: 0
Loading Environment from FAT... *** Error - No Valid Environment Area found
*** Warning - bad env area, using default environment

In:    serial@e0001000
Out:   serial@e0001000
Err:   serial@e0001000
Net:   FEC: can't find phy-handle

ZYNQ GEM: e000b000, mdio bus e000b000, phyaddr 0, interface rgmii-id
eth0: ethernet@e000b000
Hit any key to stop autoboot:  2  1  0 
switch to partitions #0, OK
mmc0 is current device
Scanning mmc 0:1...
Found U-Boot script /boot.scr
2776 bytes read in 12 ms (225.6 KiB/s)
## Executing script at 03000000
Trying to load boot images from mmc0
19778388 bytes read in 1101 ms (17.1 MiB/s)
## Loading kernel from FIT Image at 10000000 ...
   Using 'conf-system-top.dtb' configuration
   Verifying Hash Integrity ... OK
   Trying 'kernel-1' kernel subimage
     Description:  Linux kernel
     Type:         Kernel Image
     Compression:  uncompressed
     Data Start:   0x100000fc
     Data Size:    4539792 Bytes = 4.3 MiB
     Architecture: ARM
     OS:           Linux
     Load Address: 0x00200000
     Entry Point:  0x00200000
     Hash algo:    sha256
     Hash value:   43caf541d195a23ebcc7f8f8332203f31a46cc48f0170e17fb22ed734a34ea4f
   Verifying Hash Integrity ... sha256+ OK
## Loading ramdisk from FIT Image at 10000000 ...
   Using 'conf-system-top.dtb' configuration
   Verifying Hash Integrity ... OK
   Trying 'ramdisk-1' ramdisk subimage
     Description:  petalinux-image-minimal
     Type:         RAMDisk Image
     Compression:  uncompressed
     Data Start:   0x104594d4
     Data Size:    15216908 Bytes = 14.5 MiB
     Architecture: ARM
     OS:           Linux
     Load Address: unavailable
     Entry Point:  unavailable
     Hash algo:    sha256
     Hash value:   39d0a4f4807a32a54c6f8def802af55b60a87244e10a634a87e6416f04284eec
   Verifying Hash Integrity ... sha256+ OK
## Loading fdt from FIT Image at 10000000 ...
   Using 'conf-system-top.dtb' configuration
   Verifying Hash Integrity ... OK
   Trying 'fdt-system-top.dtb' fdt subimage
     Description:  Flattened Device Tree blob
     Type:         Flat Device Tree
     Compression:  uncompressed
     Data Start:   0x10454798
     Data Size:    19565 Bytes = 19.1 KiB
     Architecture: ARM
     Hash algo:    sha256
     Hash value:   ad90056cfa3488808840db41205b2667e9e93abe3fa6004ad67494df03781ece
   Verifying Hash Integrity ... sha256+ OK
   Booting using the fdt blob at 0x10454798
   Loading Kernel Image
   Loading Ramdisk to 2f17c000, end 2ffff10c ... OK
   Loading Device Tree to 2f174000, end 2f17bc6c ... OK

Starting kernel ...

Booting Linux on physical CPU 0x0
Linux version 5.15.36-xilinx-v2022.2 (oe-user@oe-host) (arm-xilinx-linux-gnueabi-gcc (GCC) 11.2.0, GNU ld (GNU Binutils) 2.37.20210721) #1 SMP PREEMPT Mon Oct 3 07:50:07 UTC 2022
CPU: ARMv7 Processor [413fc090] revision 0 (ARMv7), cr=18c5387d
CPU: PIPT / VIPT nonaliasing data cache, VIPT aliasing instruction cache
OF: fdt: Machine model: xlnx,zynq-7000
earlycon: cdns0 at MMIO 0xe0001000 (options '115200n8')
printk: bootconsole [cdns0] enabled
Memory policy: Data cache writealloc
cma: Reserved 256 MiB at 0x30000000
Zone ranges:
  Normal   [mem 0x0000000000000000-0x000000002fffffff]
  HighMem  [mem 0x0000000030000000-0x000000003fffffff]
Movable zone start for each node
Early memory node ranges
  node   0: [mem 0x0000000000000000-0x000000003fffffff]
Initmem setup node 0 [mem 0x0000000000000000-0x000000003fffffff]
percpu: Embedded 12 pages/cpu s16588 r8192 d24372 u49152
Built 1 zonelists, mobility grouping on.  Total pages: 260608
Kernel command line: console=ttyPS0,115200 earlycon root=/dev/ram0 rw
Dentry cache hash table entries: 131072 (order: 7, 524288 bytes, linear)
Inode-cache hash table entries: 65536 (order: 6, 262144 bytes, linear)
mem auto-init: stack:off, heap alloc:off, heap free:off
Memory: 750272K/1048576K available (7168K kernel code, 244K rwdata, 1896K rodata, 1024K init, 123K bss, 36160K reserved, 262144K cma-reserved, 0K highmem)
rcu: Preemptible hierarchical RCU implementation.
rcu: 	RCU event tracing is enabled.
rcu: 	RCU restricting CPUs from NR_CPUS=4 to nr_cpu_ids=2.
	Trampoline variant of Tasks RCU enabled.
rcu: RCU calculated value of scheduler-enlistment delay is 10 jiffies.
rcu: Adjusting geometry for rcu_fanout_leaf=16, nr_cpu_ids=2
NR_IRQS: 16, nr_irqs: 16, preallocated irqs: 16
efuse mapped to (ptrval)
slcr mapped to (ptrval)
GIC physical location is 0xf8f01000
L2C: platform modifies aux control register: 0x72360000 -> 0x72760000
L2C: DT/platform modifies aux control register: 0x72360000 -> 0x72760000
L2C-310 erratum 769419 enabled
L2C-310 enabling early BRESP for Cortex-A9
L2C-310 full line of zeros enabled for Cortex-A9
L2C-310 ID prefetch enabled, offset 1 lines
L2C-310 dynamic clock gating enabled, standby mode enabled
L2C-310 cache controller enabled, 8 ways, 512 kB
L2C-310: CACHE_ID 0x410000c8, AUX_CTRL 0x76760001
random: get_random_bytes called from start_kernel+0x364/0x5d8 with crng_init=0
zynq_clock_init: clkc starts at (ptrval)
Zynq clock init
sched_clock: 64 bits at 166MHz, resolution 6ns, wraps every 4398046511103ns
clocksource: arm_global_timer: mask: 0xffffffffffffffff max_cycles: 0x26703d7dd8, max_idle_ns: 440795208065 ns
Switching to timer-based delay loop, resolution 6ns
Console: colour dummy device 80x30
Calibrating delay loop (skipped), value calculated using timer frequency.. 333.33 BogoMIPS (lpj=1666666)
pid_max: default: 32768 minimum: 301
Mount-cache hash table entries: 2048 (order: 1, 8192 bytes, linear)
Mountpoint-cache hash table entries: 2048 (order: 1, 8192 bytes, linear)
CPU: Testing write buffer coherency: ok
CPU0: Spectre v2: using BPIALL workaround
CPU0: thread -1, cpu 0, socket 0, mpidr 80000000
Setting up static identity map for 0x100000 - 0x100060
rcu: Hierarchical SRCU implementation.
smp: Bringing up secondary CPUs ...
CPU1: thread -1, cpu 1, socket 0, mpidr 80000001
CPU1: Spectre v2: using BPIALL workaround
smp: Brought up 1 node, 2 CPUs
SMP: Total of 2 processors activated (666.66 BogoMIPS).
CPU: All CPU(s) started in SVC mode.
devtmpfs: initialized
VFP support v0.3: implementor 41 architecture 3 part 30 variant 9 rev 4
clocksource: jiffies: mask: 0xffffffff max_cycles: 0xffffffff, max_idle_ns: 19112604462750000 ns
futex hash table entries: 512 (order: 3, 32768 bytes, linear)
pinctrl core: initialized pinctrl subsystem
NET: Registered PF_NETLINK/PF_ROUTE protocol family
DMA: preallocated 256 KiB pool for atomic coherent allocations
thermal_sys: Registered thermal governor 'step_wise'
cpuidle: using governor menu
amba f8801000.etb: Fixing up cyclic dependency with replicator
amba f8803000.tpiu: Fixing up cyclic dependency with replicator
amba f8804000.funnel: Fixing up cyclic dependency with replicator
amba f889c000.ptm: Fixing up cyclic dependency with f8804000.funnel
amba f889d000.ptm: Fixing up cyclic dependency with f8804000.funnel
hw-breakpoint: found 5 (+1 reserved) breakpoint and 1 watchpoint registers.
hw-breakpoint: maximum watchpoint size is 4 bytes.
e0001000.serial: ttyPS0 at MMIO 0xe0001000 (irq = 31, base_baud = 6249999) is a xuartps
printk: console [ttyPS0] enabled
printk: console [ttyPS0] enabled
printk: bootconsole [cdns0] disabled
printk: bootconsole [cdns0] disabled
vgaarb: loaded
SCSI subsystem initialized
usbcore: registered new interface driver usbfs
usbcore: registered new interface driver hub
usbcore: registered new device driver usb
mc: Linux media interface: v0.10
videodev: Linux video capture interface: v2.00
pps_core: LinuxPPS API ver. 1 registered
pps_core: Software ver. 5.3.6 - Copyright 2005-2007 Rodolfo Giometti <giometti@linux.it>
PTP clock support registered
EDAC MC: Ver: 3.0.0
FPGA manager framework
Advanced Linux Sound Architecture Driver Initialized.
clocksource: Switched to clocksource arm_global_timer
NET: Registered PF_INET protocol family
IP idents hash table entries: 16384 (order: 5, 131072 bytes, linear)
tcp_listen_portaddr_hash hash table entries: 512 (order: 0, 6144 bytes, linear)
TCP established hash table entries: 8192 (order: 3, 32768 bytes, linear)
TCP bind hash table entries: 8192 (order: 4, 65536 bytes, linear)
TCP: Hash tables configured (established 8192 bind 8192)
UDP hash table entries: 512 (order: 2, 16384 bytes, linear)
UDP-Lite hash table entries: 512 (order: 2, 16384 bytes, linear)
NET: Registered PF_UNIX/PF_LOCAL protocol family
RPC: Registered named UNIX socket transport module.
RPC: Registered udp transport module.
RPC: Registered tcp transport module.
RPC: Registered tcp NFSv4.1 backchannel transport module.
PCI: CLS 0 bytes, default 64
armv7-pmu f8891000.pmu: hw perfevents: no interrupt-affinity property, guessing.
Trying to unpack rootfs image as initramfs...
hw perfevents: enabled with armv7_cortex_a9 PMU driver, 7 counters available
workingset: timestamp_bits=30 max_order=18 bucket_order=0
jffs2: version 2.2. (NAND) (SUMMARY)  Â© 2001-2006 Red Hat, Inc.
bounce: pool size: 64 pages
io scheduler mq-deadline registered
io scheduler kyber registered
zynq-pinctrl 700.pinctrl: zynq pinctrl initialized
dma-pl330 f8003000.dmac: Loaded driver for PL330 DMAC-241330
dma-pl330 f8003000.dmac: 	DBUFF-128x8bytes Num_Chans-8 Num_Peri-4 Num_Events-16
brd: module loaded
loop: module loaded
spi_master spi0: cannot find modalias for /axi/spi@e000d000/flash@0
spi_master spi0: Failed to create SPI device for /axi/spi@e000d000/flash@0
CAN device driver interface
Freeing initrd memory: 14864K
macb e000b000.ethernet eth0: Cadence GEM rev 0x00020118 at 0xe000b000 irq 33 (00:0a:35:00:1e:53)
e1000e: Intel(R) PRO/1000 Network Driver
e1000e: Copyright(c) 1999 - 2015 Intel Corporation.
ehci_hcd: USB 2.0 'Enhanced' Host Controller (EHCI) Driver
ehci-pci: EHCI PCI platform driver
usbcore: registered new interface driver usb-storage
i2c_dev: i2c /dev entries driver
cdns-wdt f8005000.watchdog: Xilinx Watchdog Timer with timeout 10s
EDAC MC: ECC not enabled
Xilinx Zynq CpuIdle Driver started
sdhci: Secure Digital Host Controller Interface driver
sdhci: Copyright(c) Pierre Ossman
sdhci-pltfm: SDHCI platform and OF driver helper
ledtrig-cpu: registered to indicate activity on CPUs
clocksource: ttc_clocksource: mask: 0xffff max_cycles: 0xffff, max_idle_ns: 537538477 ns
timer #0 at (ptrval), irq=46
usbcore: registered new interface driver usbhid
usbhid: USB HID core driver
fpga_manager fpga0: Xilinx Zynq FPGA Manager registered
mmc0: SDHCI controller on e0100000.mmc [e0100000.mmc] using ADMA
NET: Registered PF_INET6 protocol family
Segment Routing with IPv6
In-situ OAM (IOAM) with IPv6
sit: IPv6, IPv4 and MPLS over IPv4 tunneling driver
NET: Registered PF_PACKET protocol family
can: controller area network core
NET: Registered PF_CAN protocol family
can: raw protocol
can: broadcast manager protocol
can: netlink gateway - max_hops=1
mmc0: new high speed SDHC card at address 0007
Registering SWP/SWPB emulation handler
mmcblk0: mmc0:0007 SD16G 14.4 GiB 
of-fpga-region fpga-full: FPGA Region probed
 mmcblk0: p1 p2
of_cfs_init
of_cfs_init: OK
ALSA device list:
  No soundcards found.
Freeing unused kernel image (initmem) memory: 1024K
Run /init as init process
INIT: version 2.99 booting
Starting udev
Starting version 249.7+
random: fast init done
EXT4-fs (mmcblk0p2): mounted filesystem with ordered data mode. Opts: (null). Quota mode: disabled.
FAT-fs (mmcblk0p1): Volume was not properly unmounted. Some data may be corrupt. Please run fsck.
bootlogd: /dev/ttyPS0hwclock: can't open '/dev/misc/rtc': No such file or directory
Fri Mar  9 12:34:56 UTC 2018
hwclock: can't open '/dev/misc/rtc': No such file or directory
random: dd: uninitialized urandom read (512 bytes read)
Configuring packages on first boot....
 (This may take several minutes. Please do not power off the machine.)
Running postinst /etc/rpm-postinsts/100-sysvinit-inittab...
update-rc.d: /etc/init.d/run-postinsts exists during rc.d purge (continuing)
 Removing any system startup links for run-postinsts ...
  /etc/rcS.d/S99run-postinsts
INIT: Entering runlevel: 5
Configuring network interfaces... macb e000b000.ethernet eth0: PHY [e000b000.ethernet-ffffffff:00] driver [RTL8211E Gigabit Ethernet] (irq=POLL)
macb e000b000.ethernet eth0: configuring for phy/rgmii-id link mode
udhcpc: started, v1.34.1
udhcpc: broadcasting discover
udhcpc: broadcasting discover
udhcpc: broadcasting discover
udhcpc: no lease, forking to background
done.
Starting haveged: haveged: command socket is listening at fd 3
haveged: haveged starting up
[1;34m[[1;32m  OK  [1;34m][0;39m
Starting Dropbear SSH server: Waiting for kernel randomness to be initialised...
haveged: haveged: ver: 1.9.14; arch: generic; vend: ; build: (gcc 11.2.0 CTV); collect: 128K

haveged: haveged: cpu: (VC); data: 16K (D); inst: 16K (D); idx: 12/40; sz: 15126/57786

haveged: haveged: tot tests(BA8): A:1/1 B:1/1 continuous tests(B):  last entropy estimate 8.00132

haveged: haveged: fills: 0, generated: 0 

random: crng init done
Generating 2048 bit rsa key, this may take a while...
Public key portion is:
ssh-rsa AAAAB3NzaC1yc2EAAAADAQABAAABAQCPfePBNjH9aVWhmyDRg100CVrgEtA646XQO794IhfXgJQOQVaIMcOkZWmABg/t4GbgdjWZx1XeFLBlI8NO3Hc64bnvddN4q1ixJFBCuW8Du/0IAFGtuVWOKPRao036azPK9n+UGnoCOzK5D9vNvmbUOz/fqThZDJ50L9uKyGyrXMvM5ob96EPEKnAOGW9j6xoJH715IS4YmQZWhycDodvSXv4CMzSD6vf45jYBcXKybRgHaQeHI+FpzvBM4jisN54A5AqYALweiP0fjPPuEu4b5iGFuXG8e7kPJHpn83tuR2102L7wuNJw/kiVON+YuidfylN0o0hQ7yGF9hYHR82X root@LinuxBoot
Fingerprint: sha1!! 78:cf:6d:df:fb:91:d4:d6:41:70:19:97:bf:af:b5:3c:e5:d4:23:27
dropbear.
Starting rpcbind daemon...done.
starting statd: done
hwclock: can't open '/dev/misc/rtc': No such file or directory
Starting internet superserver: inetd.
NFS daemon support not enabled in kernel
Starting syslogd/klogd: done
Starting tcf-agent: OK

PetaLinux 2022.2_release_S10071807 LinuxBoot /dev/ttyPS0

LinuxBoot login: petalinux
You are required to change your password immediately (administrator enforced).
New password: 
Retype new password: 
7[r[999;999H[6n8LinuxBoot:~$ pwd
/home/petalinux
LinuxBoot:~$ ls /bin/
ash                  dumpkmap             mount                stat
base32               echo                 mountpoint           stty
bash                 egrep                mountpoint.sysvinit  su
bash.bash            false                mv                   su.shadow
busybox              fgrep                netstat              sync
busybox.nosuid       getopt               pidof                systemd-hwdb
busybox.suid         grep                 pidof.sysvinit       tar
cat                  gunzip               ping                 touch
chattr               gzip                 ping6                true
chgrp                hostname             ps                   udevadm
chmod                kill                 pwd                  umount
chown                ln                   rev                  uname
cp                   login                rm                   usleep
cpio                 login.shadow         rmdir                vi
date                 ls                   run-parts            watch
dd                   mkdir                sed                  zcat
df                   mknod                sh
dmesg                mktemp               sleep
dnsdomainname        more                 start_getty
LinuxBoot:~$ 